// Jest Snapshot v1, https://goo.gl/fbAQLP

exports[`base functionality - proxy (autofreeze) array drafts throws when a non-numeric property is added 1`] = `"[Immer] Immer only supports setting array indices and the 'length' property"`;

exports[`base functionality - proxy (autofreeze) array drafts throws when a non-numeric property is deleted 1`] = `"[Immer] Immer only supports deleting array indices"`;

exports[`base functionality - proxy (autofreeze) map drafts revokes map proxies 1`] = `"[Immer] Cannot use a proxy that has been revoked. Did you pass an object from inside an immer function to an async process? {}"`;

exports[`base functionality - proxy (autofreeze) map drafts revokes map proxies 2`] = `"[Immer] Cannot use a proxy that has been revoked. Did you pass an object from inside an immer function to an async process? {}"`;

exports[`base functionality - proxy (autofreeze) recipe functions cannot return a modified child draft 1`] = `"[Immer] An immer producer returned a new value *and* modified its draft. Either return a new value *or* modify the draft."`;

exports[`base functionality - proxy (autofreeze) recipe functions cannot return an object that references itself 1`] = `"[Immer] Immer forbids circular references"`;

exports[`base functionality - proxy (autofreeze) revokes the draft once produce returns 1`] = `"Cannot perform 'get' on a proxy that has been revoked"`;

exports[`base functionality - proxy (autofreeze) revokes the draft once produce returns 2`] = `"Cannot perform 'set' on a proxy that has been revoked"`;

exports[`base functionality - proxy (autofreeze) revokes the draft once produce returns 3`] = `"Cannot perform 'get' on a proxy that has been revoked"`;

exports[`base functionality - proxy (autofreeze) revokes the draft once produce returns 4`] = `"Cannot perform 'set' on a proxy that has been revoked"`;

exports[`base functionality - proxy (autofreeze) revokes the draft once produce returns 5`] = `"Cannot perform 'get' on a proxy that has been revoked"`;

exports[`base functionality - proxy (autofreeze) revokes the draft once produce returns 6`] = `"Cannot perform 'set' on a proxy that has been revoked"`;

exports[`base functionality - proxy (autofreeze) revokes the draft once produce returns 7`] = `"Cannot perform 'get' on a proxy that has been revoked"`;

exports[`base functionality - proxy (autofreeze) revokes the draft once produce returns 8`] = `"Cannot perform 'set' on a proxy that has been revoked"`;

exports[`base functionality - proxy (autofreeze) set drafts revokes sets 1`] = `"[Immer] Cannot use a proxy that has been revoked. Did you pass an object from inside an immer function to an async process? {}"`;

exports[`base functionality - proxy (autofreeze) set drafts revokes sets 2`] = `"[Immer] Cannot use a proxy that has been revoked. Did you pass an object from inside an immer function to an async process? {}"`;

exports[`base functionality - proxy (autofreeze) throws when Object.defineProperty() is used on drafts 1`] = `"[Immer] Object.defineProperty() cannot be used on an Immer draft"`;

exports[`base functionality - proxy (autofreeze) throws when Object.setPrototypeOf() is used on a draft 1`] = `"[Immer] Object.setPrototypeOf() cannot be used on an Immer draft"`;

exports[`base functionality - proxy (autofreeze) throws when the draft is modified and another object is returned 1`] = `"[Immer] An immer producer returned a new value *and* modified its draft. Either return a new value *or* modify the draft."`;

exports[`base functionality - proxy (autofreeze)(patch listener) array drafts throws when a non-numeric property is added 1`] = `"[Immer] Immer only supports setting array indices and the 'length' property"`;

exports[`base functionality - proxy (autofreeze)(patch listener) array drafts throws when a non-numeric property is deleted 1`] = `"[Immer] Immer only supports deleting array indices"`;

exports[`base functionality - proxy (autofreeze)(patch listener) map drafts revokes map proxies 1`] = `"[Immer] Cannot use a proxy that has been revoked. Did you pass an object from inside an immer function to an async process? {}"`;

exports[`base functionality - proxy (autofreeze)(patch listener) map drafts revokes map proxies 2`] = `"[Immer] Cannot use a proxy that has been revoked. Did you pass an object from inside an immer function to an async process? {}"`;

exports[`base functionality - proxy (autofreeze)(patch listener) recipe functions cannot return a modified child draft 1`] = `"[Immer] An immer producer returned a new value *and* modified its draft. Either return a new value *or* modify the draft."`;

exports[`base functionality - proxy (autofreeze)(patch listener) recipe functions cannot return an object that references itself 1`] = `"[Immer] Immer forbids circular references"`;

exports[`base functionality - proxy (autofreeze)(patch listener) revokes the draft once produce returns 1`] = `"Cannot perform 'get' on a proxy that has been revoked"`;

exports[`base functionality - proxy (autofreeze)(patch listener) revokes the draft once produce returns 2`] = `"Cannot perform 'set' on a proxy that has been revoked"`;

exports[`base functionality - proxy (autofreeze)(patch listener) revokes the draft once produce returns 3`] = `"Cannot perform 'get' on a proxy that has been revoked"`;

exports[`base functionality - proxy (autofreeze)(patch listener) revokes the draft once produce returns 4`] = `"Cannot perform 'set' on a proxy that has been revoked"`;

exports[`base functionality - proxy (autofreeze)(patch listener) revokes the draft once produce returns 5`] = `"Cannot perform 'get' on a proxy that has been revoked"`;

exports[`base functionality - proxy (autofreeze)(patch listener) revokes the draft once produce returns 6`] = `"Cannot perform 'set' on a proxy that has been revoked"`;

exports[`base functionality - proxy (autofreeze)(patch listener) revokes the draft once produce returns 7`] = `"Cannot perform 'get' on a proxy that has been revoked"`;

exports[`base functionality - proxy (autofreeze)(patch listener) revokes the draft once produce returns 8`] = `"Cannot perform 'set' on a proxy that has been revoked"`;

exports[`base functionality - proxy (autofreeze)(patch listener) set drafts revokes sets 1`] = `"[Immer] Cannot use a proxy that has been revoked. Did you pass an object from inside an immer function to an async process? {}"`;

exports[`base functionality - proxy (autofreeze)(patch listener) set drafts revokes sets 2`] = `"[Immer] Cannot use a proxy that has been revoked. Did you pass an object from inside an immer function to an async process? {}"`;

exports[`base functionality - proxy (autofreeze)(patch listener) throws when Object.defineProperty() is used on drafts 1`] = `"[Immer] Object.defineProperty() cannot be used on an Immer draft"`;

exports[`base functionality - proxy (autofreeze)(patch listener) throws when Object.setPrototypeOf() is used on a draft 1`] = `"[Immer] Object.setPrototypeOf() cannot be used on an Immer draft"`;

exports[`base functionality - proxy (autofreeze)(patch listener) throws when the draft is modified and another object is returned 1`] = `"[Immer] An immer producer returned a new value *and* modified its draft. Either return a new value *or* modify the draft."`;

exports[`base functionality - proxy (no freeze) array drafts throws when a non-numeric property is added 1`] = `"[Immer] Immer only supports setting array indices and the 'length' property"`;

exports[`base functionality - proxy (no freeze) array drafts throws when a non-numeric property is deleted 1`] = `"[Immer] Immer only supports deleting array indices"`;

exports[`base functionality - proxy (no freeze) map drafts revokes map proxies 1`] = `"[Immer] Cannot use a proxy that has been revoked. Did you pass an object from inside an immer function to an async process? {}"`;

exports[`base functionality - proxy (no freeze) map drafts revokes map proxies 2`] = `"[Immer] Cannot use a proxy that has been revoked. Did you pass an object from inside an immer function to an async process? {}"`;

exports[`base functionality - proxy (no freeze) recipe functions cannot return a modified child draft 1`] = `"[Immer] An immer producer returned a new value *and* modified its draft. Either return a new value *or* modify the draft."`;

exports[`base functionality - proxy (no freeze) recipe functions cannot return an object that references itself 1`] = `"[Immer] Immer forbids circular references"`;

exports[`base functionality - proxy (no freeze) revokes the draft once produce returns 1`] = `"Cannot perform 'get' on a proxy that has been revoked"`;

exports[`base functionality - proxy (no freeze) revokes the draft once produce returns 2`] = `"Cannot perform 'set' on a proxy that has been revoked"`;

exports[`base functionality - proxy (no freeze) revokes the draft once produce returns 3`] = `"Cannot perform 'get' on a proxy that has been revoked"`;

exports[`base functionality - proxy (no freeze) revokes the draft once produce returns 4`] = `"Cannot perform 'set' on a proxy that has been revoked"`;

exports[`base functionality - proxy (no freeze) revokes the draft once produce returns 5`] = `"Cannot perform 'get' on a proxy that has been revoked"`;

exports[`base functionality - proxy (no freeze) revokes the draft once produce returns 6`] = `"Cannot perform 'set' on a proxy that has been revoked"`;

exports[`base functionality - proxy (no freeze) revokes the draft once produce returns 7`] = `"Cannot perform 'get' on a proxy that has been revoked"`;

exports[`base functionality - proxy (no freeze) revokes the draft once produce returns 8`] = `"Cannot perform 'set' on a proxy that has been revoked"`;

exports[`base functionality - proxy (no freeze) set drafts revokes sets 1`] = `"[Immer] Cannot use a proxy that has been revoked. Did you pass an object from inside an immer function to an async process? {}"`;

exports[`base functionality - proxy (no freeze) set drafts revokes sets 2`] = `"[Immer] Cannot use a proxy that has been revoked. Did you pass an object from inside an immer function to an async process? {}"`;

exports[`base functionality - proxy (no freeze) throws when Object.defineProperty() is used on drafts 1`] = `"[Immer] Object.defineProperty() cannot be used on an Immer draft"`;

exports[`base functionality - proxy (no freeze) throws when Object.setPrototypeOf() is used on a draft 1`] = `"[Immer] Object.setPrototypeOf() cannot be used on an Immer draft"`;

exports[`base functionality - proxy (no freeze) throws when the draft is modified and another object is returned 1`] = `"[Immer] An immer producer returned a new value *and* modified its draft. Either return a new value *or* modify the draft."`;

exports[`base functionality - proxy (patch listener) array drafts throws when a non-numeric property is added 1`] = `"[Immer] Immer only supports setting array indices and the 'length' property"`;

exports[`base functionality - proxy (patch listener) array drafts throws when a non-numeric property is deleted 1`] = `"[Immer] Immer only supports deleting array indices"`;

exports[`base functionality - proxy (patch listener) map drafts revokes map proxies 1`] = `"[Immer] Cannot use a proxy that has been revoked. Did you pass an object from inside an immer function to an async process? {}"`;

exports[`base functionality - proxy (patch listener) map drafts revokes map proxies 2`] = `"[Immer] Cannot use a proxy that has been revoked. Did you pass an object from inside an immer function to an async process? {}"`;

exports[`base functionality - proxy (patch listener) recipe functions cannot return a modified child draft 1`] = `"[Immer] An immer producer returned a new value *and* modified its draft. Either return a new value *or* modify the draft."`;

exports[`base functionality - proxy (patch listener) recipe functions cannot return an object that references itself 1`] = `"[Immer] Immer forbids circular references"`;

exports[`base functionality - proxy (patch listener) revokes the draft once produce returns 1`] = `"Cannot perform 'get' on a proxy that has been revoked"`;

exports[`base functionality - proxy (patch listener) revokes the draft once produce returns 2`] = `"Cannot perform 'set' on a proxy that has been revoked"`;

exports[`base functionality - proxy (patch listener) revokes the draft once produce returns 3`] = `"Cannot perform 'get' on a proxy that has been revoked"`;

exports[`base functionality - proxy (patch listener) revokes the draft once produce returns 4`] = `"Cannot perform 'set' on a proxy that has been revoked"`;

exports[`base functionality - proxy (patch listener) revokes the draft once produce returns 5`] = `"Cannot perform 'get' on a proxy that has been revoked"`;

exports[`base functionality - proxy (patch listener) revokes the draft once produce returns 6`] = `"Cannot perform 'set' on a proxy that has been revoked"`;

exports[`base functionality - proxy (patch listener) revokes the draft once produce returns 7`] = `"Cannot perform 'get' on a proxy that has been revoked"`;

exports[`base functionality - proxy (patch listener) revokes the draft once produce returns 8`] = `"Cannot perform 'set' on a proxy that has been revoked"`;

exports[`base functionality - proxy (patch listener) set drafts revokes sets 1`] = `"[Immer] Cannot use a proxy that has been revoked. Did you pass an object from inside an immer function to an async process? {}"`;

exports[`base functionality - proxy (patch listener) set drafts revokes sets 2`] = `"[Immer] Cannot use a proxy that has been revoked. Did you pass an object from inside an immer function to an async process? {}"`;

exports[`base functionality - proxy (patch listener) throws when Object.defineProperty() is used on drafts 1`] = `"[Immer] Object.defineProperty() cannot be used on an Immer draft"`;

exports[`base functionality - proxy (patch listener) throws when Object.setPrototypeOf() is used on a draft 1`] = `"[Immer] Object.setPrototypeOf() cannot be used on an Immer draft"`;

exports[`base functionality - proxy (patch listener) throws when the draft is modified and another object is returned 1`] = `"[Immer] An immer producer returned a new value *and* modified its draft. Either return a new value *or* modify the draft."`;

exports[`complex nesting map / set / object modify deep object 1`] = `
Object {
  "map": Map {
    "set1" => Set {
      Object {
        "a": 2,
      },
      Object {
        "b": 2,
      },
    },
    "set2" => Set {
      Object {
        "c": 3,
      },
    },
  },
}
`;

exports[`complex nesting map / set / object modify deep object 2`] = `
Array [
  Object {
    "op": "remove",
    "path": Array [
      "map",
      "set1",
      0,
    ],
    "value": Object {
      "a": 1,
    },
  },
  Object {
    "op": "add",
    "path": Array [
      "map",
      "set1",
      0,
    ],
    "value": Object {
      "a": 2,
    },
  },
]
`;

exports[`complex nesting map / set / object modify deep object 3`] = `
Object {
  "map": Map {
    "set1" => Set {
      Object {
        "a": 2,
      },
      Object {
        "b": 2,
      },
    },
    "set2" => Set {
      Object {
        "c": 3,
      },
    },
  },
}
`;

exports[`complex nesting map / set / object modify deep object 4`] = `
Array [
  Object {
    "op": "remove",
    "path": Array [
      "map",
      "set1",
      0,
    ],
    "value": Object {
      "a": 1,
    },
  },
  Object {
    "op": "add",
    "path": Array [
      "map",
      "set1",
      0,
    ],
    "value": Object {
      "a": 2,
    },
  },
]
`;

exports[`complex nesting map / set / object modify deep object 5`] = `
Object {
  "map": Map {
    "set1" => Set {
      Object {
        "a": 2,
      },
      Object {
        "b": 2,
      },
    },
    "set2" => Set {
      Object {
        "c": 3,
      },
    },
  },
}
`;

exports[`complex nesting map / set / object modify deep object 6`] = `
Array [
  Object {
    "op": "remove",
    "path": Array [
      "map",
      "set1",
      0,
    ],
    "value": Object {
      "a": 1,
    },
  },
  Object {
    "op": "add",
    "path": Array [
      "map",
      "set1",
      0,
    ],
    "value": Object {
      "a": 2,
    },
  },
]
`;

exports[`complex nesting map / set / object modify deep object 7`] = `
Object {
  "map": Map {
    "set1" => Set {
      Object {
        "a": 2,
      },
      Object {
        "b": 2,
      },
    },
    "set2" => Set {
      Object {
        "c": 3,
      },
    },
  },
}
`;

exports[`complex nesting map / set / object modify deep object 8`] = `
Array [
  Object {
    "op": "remove",
    "path": Array [
      "map",
      "set1",
      0,
    ],
    "value": Object {
      "a": 1,
    },
  },
  Object {
    "op": "add",
    "path": Array [
      "map",
      "set1",
      0,
    ],
    "value": Object {
      "a": 2,
    },
  },
]
`;
